<html>
<body>
<pre>
<h1>µVision Build Log</h1>
<h2>Tool Versions:</h2>
IDE-Version: ¶ÃVision V5.20.0.0
Copyright (C) 2016 ARM Ltd and ARM Germany GmbH. All rights reserved.
License Information: LI YUXIANG, NJUPT, LIC=CZLII-TP41V-X56T0-BEHTM-TI5F9-SU5GE
 
Tool Versions:
Toolchain:       MDK-ARM Plus  Version: 5.20
Toolchain Path:  C:\Keil_v5\ARM\ARMCC\Bin
C Compiler:      Armcc.exe V5.06 update 2 (build 183)
Assembler:       Armasm.exe V5.06 update 2 (build 183)
Linker/Locator:  ArmLink.exe V5.06 update 2 (build 183)
Library Manager: ArmAr.exe V5.06 update 2 (build 183)
Hex Converter:   FromElf.exe V5.06 update 2 (build 183)
CPU DLL:         SARMCM3.DLL V5.20
Dialog DLL:      DCM.DLL V1.13.7.0
Target DLL:      STLink\ST-LINKIII-KEIL_SWO.dll V2.0.18.0
Dialog DLL:      TCM.DLL V1.14.9.0
 
<h2>Project:</h2>
D:\Documents\workspace\stm32¥˙¬Î\OSC_STM32F407\MDK-ARM\OSC_STM32F407.uvprojx
Project File Date:  07/24/2016

<h2>Output:</h2>
*** Using Compiler 'V5.06 update 2 (build 183)', folder: 'C:\Keil_v5\ARM\ARMCC\Bin'
Build target 'OSC_STM32F407'
assembling startup_stm32f407xx.s...
compiling stm32f4xx_hal_dac.c...
compiling stm32f4xx_hal_cortex.c...
compiling stm32f4xx_hal_tim_ex.c...
compiling stm32f4xx_it.c...
compiling stm32f4xx_hal_dac_ex.c...
compiling stm32f4xx_hal_msp.c...
compiling main.c...
..\Chips\ADS1110.h(15): warning:  #1295-D: Deprecated declaration ADS1110_Read - give arg types
  int ADS1110_Read ();
../Src/main.c: 1 warning, 0 errors
compiling stm32f4xx_hal_flash_ramfunc.c...
compiling stm32f4xx_hal_crc.c...
compiling stm32f4xx_hal_flash_ex.c...
compiling stm32f4xx_hal_pwr.c...
compiling stm32f4xx_hal_rcc_ex.c...
compiling stm32f4xx_hal_pwr_ex.c...
compiling stm32f4xx_hal.c...
compiling stm32f4xx_hal_dma_ex.c...
compiling stm32f4xx_hal_dma.c...
compiling stm32f4xx_hal_uart.c...
compiling stm32f4xx_hal_rcc.c...
compiling stm32f4xx_hal_adc_ex.c...
compiling stm32f4xx_hal_adc.c...
compiling stm32f4xx_hal_gpio.c...
compiling stm32f4xx_hal_tim.c...
compiling stm32f4xx_hal_sram.c...
compiling stm32f4xx_ll_fsmc.c...
compiling stm32f4xx_hal_spi.c...
compiling stm32f4xx_hal_flash.c...
compiling system_stm32f4xx.c...
compiling LCD_MD050SD.c...
compiling myADC.c...
compiling LCD_ILI9325_Graph.c...
compiling LCD_MD050SD_Graph.c...
compiling LCD_MD050SD_Touch.c...
compiling LCD_ILI9325_Touch.c...
compiling LCD_ILI9325.c...
..\HARDWARE\LCD_ILI9325\LCD_ILI9325.c(148): warning:  #177-D: variable "g" was declared but never referenced
  	u16 r = 0, g = 0, b = 0;
..\HARDWARE\LCD_ILI9325\LCD_ILI9325.c(148): warning:  #177-D: variable "b" was declared but never referenced
  	u16 r = 0, g = 0, b = 0;
..\HARDWARE\LCD_ILI9325\LCD_ILI9325.c: 2 warnings, 0 errors
compiling myKey.c...
..\HARDWARE\myKey.c(88): warning:  #186-D: pointless comparison of unsigned integer with zero
  	g_DACVal = 
afe_Return((g_DACVal), 0, 4095) ;
..\HARDWARE\myKey.c: 1 warning, 0 errors
compiling myUART.c...
compiling Usual.c...
compiling FFT.c...
compiling DebugSupport.c...
compiling mySPI.c...
compiling System.c...
compiling FSM.c...
..\SOFTWARE\FSM.c(9): warning:  #177-D: variable "freq" was declared but never referenced
  	static u16 freq = 0, as = 0;
..\SOFTWARE\FSM.c(9): warning:  #177-D: variable "as" was declared but never referenced
  	static u16 freq = 0, as = 0;
..\SOFTWARE\FSM.c: 2 warnings, 0 errors
compiling GUI_X_Touch_Analog.c...
compiling OSC_Work.c...
compiling __UserGUI.c...
..\SOFTWARE\GUI\__UserGUI.c(39): warning:  #550-D: variable "Index" was set but never used
  	unsigned int Index;
..\SOFTWARE\GUI\__UserGUI.c(29): warning:  #177-D: function "__User_GUI_DRAW__Draw" was declared but never referenced
  static void __User_GUI_DRAW__Draw (GUI_DRAW_HANDLE hDrawObj, int x, int y) {
..\SOFTWARE\GUI\__UserGUI.c: 2 warnings, 0 errors
compiling GUI_X.c...
compiling GUIDRV_Template_ESP.c...
compiling GUIDRV_Template_BSP.c...
compiling LCDConf_FlexColor_Template.c...
compiling GUIUsual.c...
compiling GUIDraw.c...
..\SOFTWARE\GUI\GUIDraw.c(24): warning:  #177-D: variable "g_hScaleV" was declared but never referenced
  static GRAPH_SCALE_Handle g_hScaleV; // Handle of vertical scale
..\SOFTWARE\GUI\GUIDraw.c(25): warning:  #177-D: variable "g_hScaleH" was declared but never referenced
  static GRAPH_SCALE_Handle g_hScaleH; // Handle of horizontal scale
..\SOFTWARE\GUI\GUIDraw.c(50): warning:  #177-D: function "ResizeWindow" was declared but never referenced
  static void ResizeWindow (void) {
..\SOFTWARE\GUI\GUIDraw.c: 3 warnings, 0 errors
compiling GUIControlStation.c...
..\SOFTWARE\GUI\GUIControlStation.c(32): warning:  #177-D: variable "hWin" was declared but never referenced
  	WM_HWIN hWin = pMsg->hWin;
..\SOFTWARE\GUI\GUIControlStation.c: 1 warning, 0 errors
compiling ADS1110.c...
..\Chips\ADS1110.h(15): warning:  #1295-D: Deprecated declaration ADS1110_Read - give arg types
  int ADS1110_Read ();
..\Chips\ADS1110.h(15): warning:  #1295-D: Deprecated declaration ADS1110_Read - give arg types
  int ADS1110_Read ();
..\Chips\ADS1110.c(4): warning:  #1295-D: Deprecated declaration ADS1110_ShiftIn8Bit - give arg types
  unsigned char ADS1110_ShiftIn8Bit();
..\Chips\ADS1110.c(6): warning:  #1295-D: Deprecated declaration ADS1110_start - give arg types
  void ADS1110_start();
..\Chips\ADS1110.c(7): warning:  #1295-D: Deprecated declaration ADS1110_stop - give arg types
  void ADS1110_stop();
..\Chips\ADS1110.c(8): warning:  #1295-D: Deprecated declaration ADS1110_get_ack - give arg types
  void ADS1110_get_ack();
..\Chips\ADS1110.c(9): warning:  #1295-D: Deprecated declaration ADS1110_ack - give arg types
  void ADS1110_ack();
..\Chips\ADS1110.c: 7 warnings, 0 errors
compiling GUIGraph.c...
..\SOFTWARE\GUI\GUIGraph.c(75): warning:  #177-D: variable "hWin" was declared but never referenced
  	WM_HWIN hWin = pMsg->hWin;
..\SOFTWARE\GUI\GUIGraph.c(44): warning:  #177-D: variable "GUI_Exec_State" was declared but never referenced
  static int GUI_Exec_State = 1; // Êò?Â≠?‰∏ÄÁö?Êï?Êç?
..\SOFTWARE\GUI\GUIGraph.c: 2 warnings, 0 errors
compiling GUINumPad.c...
linking...
Program Size: Code=95868 RO-data=22940 RW-data=2356 ZI-data=45436  
FromELF: creating hex file...
"OSC_STM32F407\OSC_STM32F407.axf" - 0 Error(s), 21 Warning(s).

<h2>Software Packages used:</h2>

Package Vendor: ARM
                http://www.keil.com/pack/ARM.CMSIS.4.5.0.pack
                ARM::CMSIS:CORE:4.3.0
                CMSIS (Cortex Microcontroller Software Interface Standard)
   * Component: CORE Version: 4.3.0

<h2>Collection of Component include folders:</h2>
  D:\Documents\workspace\stm32¥˙¬Î\OSC_STM32F407\MDK-ARM\RTE
  C:\Keil_v5\ARM\PACK\ARM\CMSIS\4.5.0\CMSIS\Include
  C:\Keil_v5\ARM\PACK\Keil\STM32F4xx_DFP\2.8.0\Drivers\CMSIS\Device\ST\STM32F4xx\Include

<h2>Collection of Component Files used:</h2>

   * Component: ARM::CMSIS:CORE:4.3.0
Build Time Elapsed:  00:00:41
</pre>
</body>
</html>
